// Jest Snapshot v1, https://goo.gl/fbAQLP

exports[`test Error component is rendered correctly 1`] = `
<p
  className="error-text"
>
  Oops, there is no page here!
</p>
`;
