// Jest Snapshot v1, https://goo.gl/fbAQLP

exports[`test Button component component is rendered correctly 1`] = `
<button
  className="MuiButtonBase-root MuiButton-root MuiButton-contained MuiButton-containedPrimary MuiButton-sizeMedium MuiButton-containedSizeMedium MuiButton-root MuiButton-contained MuiButton-containedPrimary MuiButton-sizeMedium MuiButton-containedSizeMedium css-10ni6bz-MuiButtonBase-root-MuiButton-root"
  disabled={false}
  onBlur={[Function]}
  onContextMenu={[Function]}
  onDragLeave={[Function]}
  onFocus={[Function]}
  onKeyDown={[Function]}
  onKeyUp={[Function]}
  onMouseDown={[Function]}
  onMouseLeave={[Function]}
  onMouseUp={[Function]}
  onTouchEnd={[Function]}
  onTouchMove={[Function]}
  onTouchStart={[Function]}
  tabIndex={0}
  type="button"
>
  Click me
</button>
`;
